<?xml version="1.0"?>
<link_info>
   <banner>TI ARM Linker PC v5.1.6</banner>
   <copyright>Copyright (c) 1996-2014 Texas Instruments Incorporated</copyright>
   <link_time>0x54a9a8bd</link_time>
   <link_errors>0x0</link_errors>
   <output_file>LCDBPV2.out</output_file>
   <entry_point>
      <name>_c_int00</name>
      <address>0xb93d</address>
   </entry_point>
   <input_file_list>
      <input_file id="fl-2">
         <path>.\</path>
         <kind>object</kind>
         <file>lcdbpv2.obj</file>
         <name>lcdbpv2.obj</name>
      </input_file>
      <input_file id="fl-3">
         <path>.\</path>
         <kind>object</kind>
         <file>pic.obj</file>
         <name>pic.obj</name>
      </input_file>
      <input_file id="fl-4">
         <path>.\</path>
         <kind>object</kind>
         <file>startup_ccs.obj</file>
         <name>startup_ccs.obj</name>
      </input_file>
      <input_file id="fl-5">
         <path>.\</path>
         <kind>object</kind>
         <file>ustdlib.obj</file>
         <name>ustdlib.obj</name>
      </input_file>
      <input_file id="fl-6">
         <path>.\drivers\</path>
         <kind>object</kind>
         <file>LCDBP320x240x16_SSD1289.obj</file>
         <name>LCDBP320x240x16_SSD1289.obj</name>
      </input_file>
      <input_file id="fl-7">
         <path>.\drivers\</path>
         <kind>object</kind>
         <file>LCDBPV2_backlight.obj</file>
         <name>LCDBPV2_backlight.obj</name>
      </input_file>
      <input_file id="fl-8">
         <path>.\drivers\</path>
         <kind>object</kind>
         <file>LCDBPV2_touch.obj</file>
         <name>LCDBPV2_touch.obj</name>
      </input_file>
      <input_file id="fl-137">
         <path>c:\ti\ccsv6\tools\compiler\arm_5.1.6\lib\</path>
         <kind>archive</kind>
         <file>rtsv7M4_T_le_v4SPD16_eabi.lib</file>
         <name>boot.obj</name>
      </input_file>
      <input_file id="fl-138">
         <path>c:\ti\ccsv6\tools\compiler\arm_5.1.6\lib\</path>
         <kind>archive</kind>
         <file>rtsv7M4_T_le_v4SPD16_eabi.lib</file>
         <name>copy_decompress_none.obj</name>
      </input_file>
      <input_file id="fl-139">
         <path>c:\ti\ccsv6\tools\compiler\arm_5.1.6\lib\</path>
         <kind>archive</kind>
         <file>rtsv7M4_T_le_v4SPD16_eabi.lib</file>
         <name>copy_decompress_rle.obj</name>
      </input_file>
      <input_file id="fl-13a">
         <path>c:\ti\ccsv6\tools\compiler\arm_5.1.6\lib\</path>
         <kind>archive</kind>
         <file>rtsv7M4_T_le_v4SPD16_eabi.lib</file>
         <name>copy_zero_init.obj</name>
      </input_file>
      <input_file id="fl-13b">
         <path>c:\ti\ccsv6\tools\compiler\arm_5.1.6\lib\</path>
         <kind>archive</kind>
         <file>rtsv7M4_T_le_v4SPD16_eabi.lib</file>
         <name>exit.obj</name>
      </input_file>
      <input_file id="fl-13c">
         <path>c:\ti\ccsv6\tools\compiler\arm_5.1.6\lib\</path>
         <kind>archive</kind>
         <file>rtsv7M4_T_le_v4SPD16_eabi.lib</file>
         <name>memcpy_t2.obj</name>
      </input_file>
      <input_file id="fl-13d">
         <path>c:\ti\ccsv6\tools\compiler\arm_5.1.6\lib\</path>
         <kind>archive</kind>
         <file>rtsv7M4_T_le_v4SPD16_eabi.lib</file>
         <name>stkdepth_vars.obj</name>
      </input_file>
      <input_file id="fl-13e">
         <path>c:\ti\ccsv6\tools\compiler\arm_5.1.6\lib\</path>
         <kind>archive</kind>
         <file>rtsv7M4_T_le_v4SPD16_eabi.lib</file>
         <name>u_divt2.obj</name>
      </input_file>
      <input_file id="fl-13f">
         <path>c:\ti\ccsv6\tools\compiler\arm_5.1.6\lib\</path>
         <kind>archive</kind>
         <file>rtsv7M4_T_le_v4SPD16_eabi.lib</file>
         <name>u_tofd_t2.obj</name>
      </input_file>
      <input_file id="fl-140">
         <path>c:\ti\ccsv6\tools\compiler\arm_5.1.6\lib\</path>
         <kind>archive</kind>
         <file>rtsv7M4_T_le_v4SPD16_eabi.lib</file>
         <name>_lock.obj</name>
      </input_file>
      <input_file id="fl-141">
         <path>c:\ti\ccsv6\tools\compiler\arm_5.1.6\lib\</path>
         <kind>archive</kind>
         <file>rtsv7M4_T_le_v4SPD16_eabi.lib</file>
         <name>args_main.obj</name>
      </input_file>
      <input_file id="fl-142">
         <path>c:\ti\ccsv6\tools\compiler\arm_5.1.6\lib\</path>
         <kind>archive</kind>
         <file>rtsv7M4_T_le_v4SPD16_eabi.lib</file>
         <name>auto_init.obj</name>
      </input_file>
      <input_file id="fl-143">
         <path>c:\ti\ccsv6\tools\compiler\arm_5.1.6\lib\</path>
         <kind>archive</kind>
         <file>rtsv7M4_T_le_v4SPD16_eabi.lib</file>
         <name>cpy_tbl.obj</name>
      </input_file>
      <input_file id="fl-144">
         <path>C:\ti\TivaWare_C_Series-2.1.0.12573\examples\boards\ek-tm4c123gxl\project0\ccs\..\..\..\..\..\driverlib\ccs\Debug\</path>
         <kind>archive</kind>
         <file>driverlib.lib</file>
         <name>udma.obj</name>
      </input_file>
      <input_file id="fl-145">
         <path>C:\ti\TivaWare_C_Series-2.1.0.12573\examples\boards\ek-tm4c123gxl\project0\ccs\..\..\..\..\..\driverlib\ccs\Debug\</path>
         <kind>archive</kind>
         <file>driverlib.lib</file>
         <name>timer.obj</name>
      </input_file>
      <input_file id="fl-146">
         <path>C:\ti\TivaWare_C_Series-2.1.0.12573\examples\boards\ek-tm4c123gxl\project0\ccs\..\..\..\..\..\driverlib\ccs\Debug\</path>
         <kind>archive</kind>
         <file>driverlib.lib</file>
         <name>sysctl.obj</name>
      </input_file>
      <input_file id="fl-147">
         <path>C:\ti\TivaWare_C_Series-2.1.0.12573\examples\boards\ek-tm4c123gxl\project0\ccs\..\..\..\..\..\driverlib\ccs\Debug\</path>
         <kind>archive</kind>
         <file>driverlib.lib</file>
         <name>interrupt.obj</name>
      </input_file>
      <input_file id="fl-148">
         <path>C:\ti\TivaWare_C_Series-2.1.0.12573\examples\boards\ek-tm4c123gxl\project0\ccs\..\..\..\..\..\driverlib\ccs\Debug\</path>
         <kind>archive</kind>
         <file>driverlib.lib</file>
         <name>i2c.obj</name>
      </input_file>
      <input_file id="fl-149">
         <path>C:\ti\TivaWare_C_Series-2.1.0.12573\examples\boards\ek-tm4c123gxl\project0\ccs\..\..\..\..\..\driverlib\ccs\Debug\</path>
         <kind>archive</kind>
         <file>driverlib.lib</file>
         <name>gpio.obj</name>
      </input_file>
      <input_file id="fl-14a">
         <path>C:\ti\TivaWare_C_Series-2.1.0.12573\examples\boards\ek-tm4c123gxl\project0\ccs\..\..\..\..\..\driverlib\ccs\Debug\</path>
         <kind>archive</kind>
         <file>driverlib.lib</file>
         <name>fpu.obj</name>
      </input_file>
      <input_file id="fl-14b">
         <path>C:\ti\TivaWare_C_Series-2.1.0.12573\examples\boards\ek-tm4c123gxl\project0\ccs\..\..\..\..\..\driverlib\ccs\Debug\</path>
         <kind>archive</kind>
         <file>driverlib.lib</file>
         <name>eeprom.obj</name>
      </input_file>
      <input_file id="fl-14c">
         <path>C:\ti\TivaWare_C_Series-2.1.0.12573\examples\boards\ek-tm4c123gxl\project0\ccs\..\..\..\..\..\driverlib\ccs\Debug\</path>
         <kind>archive</kind>
         <file>driverlib.lib</file>
         <name>cpu.obj</name>
      </input_file>
      <input_file id="fl-14d">
         <path>C:\ti\TivaWare_C_Series-2.1.0.12573\examples\boards\ek-tm4c123gxl\project0\ccs\..\..\..\..\..\grlib\ccs\Debug\</path>
         <kind>archive</kind>
         <file>grlib.lib</file>
         <name>fontcmss30b.obj</name>
      </input_file>
      <input_file id="fl-14e">
         <path>C:\ti\TivaWare_C_Series-2.1.0.12573\examples\boards\ek-tm4c123gxl\project0\ccs\..\..\..\..\..\grlib\ccs\Debug\</path>
         <kind>archive</kind>
         <file>grlib.lib</file>
         <name>fontcmss22b.obj</name>
      </input_file>
      <input_file id="fl-14f">
         <path>C:\ti\TivaWare_C_Series-2.1.0.12573\examples\boards\ek-tm4c123gxl\project0\ccs\..\..\..\..\..\grlib\ccs\Debug\</path>
         <kind>archive</kind>
         <file>grlib.lib</file>
         <name>fontcm30b.obj</name>
      </input_file>
      <input_file id="fl-150">
         <path>C:\ti\TivaWare_C_Series-2.1.0.12573\examples\boards\ek-tm4c123gxl\project0\ccs\..\..\..\..\..\grlib\ccs\Debug\</path>
         <kind>archive</kind>
         <file>grlib.lib</file>
         <name>fontcm20.obj</name>
      </input_file>
      <input_file id="fl-151">
         <path>C:\ti\TivaWare_C_Series-2.1.0.12573\examples\boards\ek-tm4c123gxl\project0\ccs\..\..\..\..\..\grlib\ccs\Debug\</path>
         <kind>archive</kind>
         <file>grlib.lib</file>
         <name>widget.obj</name>
      </input_file>
      <input_file id="fl-152">
         <path>C:\ti\TivaWare_C_Series-2.1.0.12573\examples\boards\ek-tm4c123gxl\project0\ccs\..\..\..\..\..\grlib\ccs\Debug\</path>
         <kind>archive</kind>
         <file>grlib.lib</file>
         <name>string.obj</name>
      </input_file>
      <input_file id="fl-153">
         <path>C:\ti\TivaWare_C_Series-2.1.0.12573\examples\boards\ek-tm4c123gxl\project0\ccs\..\..\..\..\..\grlib\ccs\Debug\</path>
         <kind>archive</kind>
         <file>grlib.lib</file>
         <name>rectangle.obj</name>
      </input_file>
      <input_file id="fl-154">
         <path>C:\ti\TivaWare_C_Series-2.1.0.12573\examples\boards\ek-tm4c123gxl\project0\ccs\..\..\..\..\..\grlib\ccs\Debug\</path>
         <kind>archive</kind>
         <file>grlib.lib</file>
         <name>pushbutton.obj</name>
      </input_file>
      <input_file id="fl-155">
         <path>C:\ti\TivaWare_C_Series-2.1.0.12573\examples\boards\ek-tm4c123gxl\project0\ccs\..\..\..\..\..\grlib\ccs\Debug\</path>
         <kind>archive</kind>
         <file>grlib.lib</file>
         <name>line.obj</name>
      </input_file>
      <input_file id="fl-156">
         <path>C:\ti\TivaWare_C_Series-2.1.0.12573\examples\boards\ek-tm4c123gxl\project0\ccs\..\..\..\..\..\grlib\ccs\Debug\</path>
         <kind>archive</kind>
         <file>grlib.lib</file>
         <name>image.obj</name>
      </input_file>
      <input_file id="fl-157">
         <path>C:\ti\TivaWare_C_Series-2.1.0.12573\examples\boards\ek-tm4c123gxl\project0\ccs\..\..\..\..\..\grlib\ccs\Debug\</path>
         <kind>archive</kind>
         <file>grlib.lib</file>
         <name>context.obj</name>
      </input_file>
      <input_file id="fl-158">
         <path>C:\ti\TivaWare_C_Series-2.1.0.12573\examples\boards\ek-tm4c123gxl\project0\ccs\..\..\..\..\..\grlib\ccs\Debug\</path>
         <kind>archive</kind>
         <file>grlib.lib</file>
         <name>circle.obj</name>
      </input_file>
      <input_file id="fl-159">
         <path>C:\ti\TivaWare_C_Series-2.1.0.12573\examples\boards\ek-tm4c123gxl\project0\ccs\..\..\..\..\..\grlib\ccs\Debug\</path>
         <kind>archive</kind>
         <file>grlib.lib</file>
         <name>charmap.obj</name>
      </input_file>
      <input_file id="fl-15a">
         <path>C:\ti\TivaWare_C_Series-2.1.0.12573\examples\boards\ek-tm4c123gxl\project0\ccs\..\..\..\..\..\grlib\ccs\Debug\</path>
         <kind>archive</kind>
         <file>grlib.lib</file>
         <name>canvas.obj</name>
      </input_file>
   </input_file_list>
   <object_component_list>
      <object_component id="oc-e">
         <name>.intvecs</name>
         <load_address>0x0</load_address>
         <run_address>0x0</run_address>
         <size>0x26c</size>
         <input_file_ref idref="fl-4"/>
      </object_component>
      <object_component id="oc-334">
         <name>.text:InternalImageDraw</name>
         <load_address>0x9130</load_address>
         <run_address>0x9130</run_address>
         <size>0x38c</size>
         <input_file_ref idref="fl-156"/>
      </object_component>
      <object_component id="oc-d3">
         <name>.text:main</name>
         <load_address>0x94bc</load_address>
         <run_address>0x94bc</run_address>
         <size>0x374</size>
         <input_file_ref idref="fl-2"/>
      </object_component>
      <object_component id="oc-456">
         <name>.text:PixelTransparentDraw</name>
         <load_address>0x9830</load_address>
         <run_address>0x9830</run_address>
         <size>0x2ce</size>
         <input_file_ref idref="fl-156"/>
      </object_component>
      <object_component id="oc-420">
         <name>.text:GrFontGlyphRender</name>
         <load_address>0x9afe</load_address>
         <run_address>0x9afe</run_address>
         <size>0x266</size>
         <input_file_ref idref="fl-152"/>
      </object_component>
      <object_component id="oc-18e">
         <name>.text:LCDBP320x240x16_SSD1289Init</name>
         <load_address>0x9d64</load_address>
         <run_address>0x9d64</run_address>
         <size>0x1c4</size>
         <input_file_ref idref="fl-6"/>
      </object_component>
      <object_component id="oc-2d4">
         <name>.text:init0</name>
         <load_address>0x9f28</load_address>
         <run_address>0x9f28</run_address>
         <size>0x1b2</size>
         <input_file_ref idref="fl-6"/>
      </object_component>
      <object_component id="oc-499">
         <name>.text:CanvasPaint</name>
         <load_address>0xa0da</load_address>
         <run_address>0xa0da</run_address>
         <size>0x188</size>
         <input_file_ref idref="fl-15a"/>
      </object_component>
      <object_component id="oc-4e4">
         <name>.text:RectangularButtonPaint</name>
         <load_address>0xa262</load_address>
         <run_address>0xa262</run_address>
         <size>0x16e</size>
         <input_file_ref idref="fl-154"/>
      </object_component>
      <object_component id="oc-296">
         <name>.text:GPIOPadConfigSet</name>
         <load_address>0xa3d0</load_address>
         <run_address>0xa3d0</run_address>
         <size>0x130</size>
         <input_file_ref idref="fl-149"/>
      </object_component>
      <object_component id="oc-376">
         <name>.text:LCDBP320x240x16_SSD1289PixelDrawMultiple</name>
         <load_address>0xa500</load_address>
         <run_address>0xa500</run_address>
         <size>0x11c</size>
         <input_file_ref idref="fl-6"/>
      </object_component>
      <object_component id="oc-11b">
         <name>.text:gettouch</name>
         <load_address>0xa61c</load_address>
         <run_address>0xa61c</run_address>
         <size>0x11c</size>
         <input_file_ref idref="fl-8"/>
      </object_component>
      <object_component id="oc-170">
         <name>.text:SysCtlClockGet</name>
         <load_address>0xa738</load_address>
         <run_address>0xa738</run_address>
         <size>0x118</size>
         <input_file_ref idref="fl-146"/>
      </object_component>
      <object_component id="oc-188">
         <name>.text:ConfigBK_I2C</name>
         <load_address>0xa850</load_address>
         <run_address>0xa850</run_address>
         <size>0xf0</size>
         <input_file_ref idref="fl-7"/>
      </object_component>
      <object_component id="oc-146">
         <name>.text:SysCtlClockSet</name>
         <load_address>0xa940</load_address>
         <run_address>0xa940</run_address>
         <size>0xf0</size>
         <input_file_ref idref="fl-146"/>
      </object_component>
      <object_component id="oc-200">
         <name>.text:WidgetMessageQueueAdd</name>
         <load_address>0xaa30</load_address>
         <run_address>0xaa30</run_address>
         <size>0xf0</size>
         <input_file_ref idref="fl-151"/>
      </object_component>
      <object_component id="oc-2bc">
         <name>.text:init1</name>
         <load_address>0xab20</load_address>
         <run_address>0xab20</run_address>
         <size>0xf0</size>
         <input_file_ref idref="fl-6"/>
      </object_component>
      <object_component id="oc-4ea">
         <name>.text:RectangularButtonClick</name>
         <load_address>0xac10</load_address>
         <run_address>0xac10</run_address>
         <size>0xec</size>
         <input_file_ref idref="fl-154"/>
      </object_component>
      <object_component id="oc-301">
         <name>.text:GrDefaultStringRenderer</name>
         <load_address>0xacfc</load_address>
         <run_address>0xacfc</run_address>
         <size>0xca</size>
         <input_file_ref idref="fl-152"/>
      </object_component>
      <object_component id="oc-388">
         <name>.text:LCDBP320x240x16_SSD1289RectFill</name>
         <load_address>0xadc6</load_address>
         <run_address>0xadc6</run_address>
         <size>0xc0</size>
         <input_file_ref idref="fl-6"/>
      </object_component>
      <object_component id="oc-35">
         <name>.text:FaultISR</name>
         <load_address>0xae86</load_address>
         <run_address>0xae86</run_address>
         <size>0x2</size>
         <input_file_ref idref="fl-4"/>
      </object_component>
      <object_component id="oc-b3">
         <name>.text:touchprocess</name>
         <load_address>0xae88</load_address>
         <run_address>0xae88</run_address>
         <size>0xb4</size>
         <input_file_ref idref="fl-8"/>
      </object_component>
      <object_component id="oc-365">
         <name>.text:WidgetMessageSendPostOrder</name>
         <load_address>0xaf3c</load_address>
         <run_address>0xaf3c</run_address>
         <size>0xb0</size>
         <input_file_ref idref="fl-151"/>
      </object_component>
      <object_component id="oc-65">
         <name>.text</name>
         <load_address>0xafec</load_address>
         <run_address>0xafec</run_address>
         <size>0x9c</size>
         <input_file_ref idref="fl-13c"/>
      </object_component>
      <object_component id="oc-244">
         <name>.text:LCDBPV2_touch_receiveI2C</name>
         <load_address>0xb088</load_address>
         <run_address>0xb088</run_address>
         <size>0x94</size>
         <input_file_ref idref="fl-8"/>
      </object_component>
      <object_component id="oc-50">
         <name>.text</name>
         <load_address>0xb11c</load_address>
         <run_address>0xb11c</run_address>
         <size>0x94</size>
         <input_file_ref idref="fl-142"/>
      </object_component>
      <object_component id="oc-30f">
         <name>.text:GrRectFill</name>
         <load_address>0xb1b0</load_address>
         <run_address>0xb1b0</run_address>
         <size>0x86</size>
         <input_file_ref idref="fl-153"/>
      </object_component>
      <object_component id="oc-3b">
         <name>.text:IntDefaultHandler</name>
         <load_address>0xb236</load_address>
         <run_address>0xb236</run_address>
         <size>0x2</size>
         <input_file_ref idref="fl-4"/>
      </object_component>
      <object_component id="oc-194">
         <name>.text:LCDBPV2_touch_Init</name>
         <load_address>0xb238</load_address>
         <run_address>0xb238</run_address>
         <size>0x70</size>
         <input_file_ref idref="fl-8"/>
      </object_component>
      <object_component id="oc-41">
         <name>.text:touch_IntHandler</name>
         <load_address>0xb2a8</load_address>
         <run_address>0xb2a8</run_address>
         <size>0x70</size>
         <input_file_ref idref="fl-8"/>
      </object_component>
      <object_component id="oc-262">
         <name>.text:LCDBPV2_calcParam</name>
         <load_address>0xb318</load_address>
         <run_address>0xb318</run_address>
         <size>0x6c</size>
         <input_file_ref idref="fl-8"/>
      </object_component>
      <object_component id="oc-1d6">
         <name>.text:GrStringWidthGet</name>
         <load_address>0xb384</load_address>
         <run_address>0xb384</run_address>
         <size>0x6a</size>
         <input_file_ref idref="fl-152"/>
      </object_component>
      <object_component id="oc-394">
         <name>.text:LCDBP320x240x16_SSD1289Flush</name>
         <load_address>0xb3ee</load_address>
         <run_address>0xb3ee</run_address>
         <size>0x2</size>
         <input_file_ref idref="fl-6"/>
      </object_component>
      <object_component id="oc-402">
         <name>.text:EnableHIGH</name>
         <load_address>0xb3f0</load_address>
         <run_address>0xb3f0</run_address>
         <size>0x68</size>
         <input_file_ref idref="fl-6"/>
      </object_component>
      <object_component id="oc-1ee">
         <name>.text:GrRectDraw</name>
         <load_address>0xb458</load_address>
         <run_address>0xb458</run_address>
         <size>0x66</size>
         <input_file_ref idref="fl-153"/>
      </object_component>
      <object_component id="oc-2f">
         <name>.text:NmiSR</name>
         <load_address>0xb4be</load_address>
         <run_address>0xb4be</run_address>
         <size>0x2</size>
         <input_file_ref idref="fl-4"/>
      </object_component>
      <object_component id="oc-1c4">
         <name>.text:GrContextInit</name>
         <load_address>0xb4c0</load_address>
         <run_address>0xb4c0</run_address>
         <size>0x64</size>
         <input_file_ref idref="fl-157"/>
      </object_component>
      <object_component id="oc-206">
         <name>.text:WidgetMessageQueueProcess</name>
         <load_address>0xb524</load_address>
         <run_address>0xb524</run_address>
         <size>0x64</size>
         <input_file_ref idref="fl-151"/>
      </object_component>
      <object_component id="oc-4ce">
         <name>.text:GrContextClipRegionSet</name>
         <load_address>0xb588</load_address>
         <run_address>0xb588</run_address>
         <size>0x62</size>
         <input_file_ref idref="fl-157"/>
      </object_component>
      <object_component id="oc-1b2">
         <name>.text:IntEnable</name>
         <load_address>0xb5ec</load_address>
         <run_address>0xb5ec</run_address>
         <size>0x60</size>
         <input_file_ref idref="fl-147"/>
      </object_component>
      <object_component id="oc-78">
         <name>.text</name>
         <load_address>0xb64c</load_address>
         <run_address>0xb64c</run_address>
         <size>0x5e</size>
         <input_file_ref idref="fl-139"/>
      </object_component>
      <object_component id="oc-448">
         <name>.text:FontWideGlyphDataGet</name>
         <load_address>0xb6aa</load_address>
         <run_address>0xb6aa</run_address>
         <size>0x5c</size>
         <input_file_ref idref="fl-152"/>
      </object_component>
      <object_component id="oc-1a6">
         <name>.text:TimerConfigure</name>
         <load_address>0xb708</load_address>
         <run_address>0xb708</run_address>
         <size>0x5c</size>
         <input_file_ref idref="fl-145"/>
      </object_component>
      <object_component id="oc-1a0">
         <name>.text:GPIOIntTypeSet</name>
         <load_address>0xb764</load_address>
         <run_address>0xb764</run_address>
         <size>0x56</size>
         <input_file_ref idref="fl-149"/>
      </object_component>
      <object_component id="oc-35f">
         <name>.text:WidgetMessageSendPreOrder</name>
         <load_address>0xb7ba</load_address>
         <run_address>0xb7ba</run_address>
         <size>0x56</size>
         <input_file_ref idref="fl-151"/>
      </object_component>
      <object_component id="oc-1f4">
         <name>.text:LCDBPV2_loadparm</name>
         <load_address>0xb810</load_address>
         <run_address>0xb810</run_address>
         <size>0x50</size>
         <input_file_ref idref="fl-8"/>
      </object_component>
      <object_component id="oc-317">
         <name>.text:UpdateContextCharMapping</name>
         <load_address>0xb860</load_address>
         <run_address>0xb860</run_address>
         <size>0x4a</size>
         <input_file_ref idref="fl-152"/>
      </object_component>
      <object_component id="oc-16a">
         <name>.text:GPIOPinConfigure</name>
         <load_address>0xb8ac</load_address>
         <run_address>0xb8ac</run_address>
         <size>0x48</size>
         <input_file_ref idref="fl-149"/>
      </object_component>
      <object_component id="oc-176">
         <name>.text:I2CMasterInitExpClk</name>
         <load_address>0xb8f4</load_address>
         <run_address>0xb8f4</run_address>
         <size>0x48</size>
         <input_file_ref idref="fl-148"/>
      </object_component>
      <object_component id="oc-11">
         <name>.text</name>
         <load_address>0xb93c</load_address>
         <run_address>0xb93c</run_address>
         <size>0x48</size>
         <input_file_ref idref="fl-137"/>
      </object_component>
      <object_component id="oc-33c">
         <name>.text:GrLineDrawH</name>
         <load_address>0xb984</load_address>
         <run_address>0xb984</run_address>
         <size>0x46</size>
         <input_file_ref idref="fl-155"/>
      </object_component>
      <object_component id="oc-342">
         <name>.text:GrLineDrawV</name>
         <load_address>0xb9ca</load_address>
         <run_address>0xb9ca</run_address>
         <size>0x46</size>
         <input_file_ref idref="fl-155"/>
      </object_component>
      <object_component id="oc-37c">
         <name>.text:LCDBP320x240x16_SSD1289LineDrawH</name>
         <load_address>0xba10</load_address>
         <run_address>0xba10</run_address>
         <size>0x46</size>
         <input_file_ref idref="fl-6"/>
      </object_component>
      <object_component id="oc-2ce">
         <name>.text:initpower</name>
         <load_address>0xba56</load_address>
         <run_address>0xba56</run_address>
         <size>0x46</size>
         <input_file_ref idref="fl-6"/>
      </object_component>
      <object_component id="oc-382">
         <name>.text:LCDBP320x240x16_SSD1289LineDrawV</name>
         <load_address>0xba9c</load_address>
         <run_address>0xba9c</run_address>
         <size>0x44</size>
         <input_file_ref idref="fl-6"/>
      </object_component>
      <object_component id="oc-cc">
         <name>.text</name>
         <load_address>0xbae0</load_address>
         <run_address>0xbae0</run_address>
         <size>0x44</size>
         <input_file_ref idref="fl-143"/>
      </object_component>
      <object_component id="oc-5b">
         <name>.text</name>
         <load_address>0xbb24</load_address>
         <run_address>0xbb24</run_address>
         <size>0x44</size>
         <input_file_ref idref="fl-13b"/>
      </object_component>
      <object_component id="oc-1ca">
         <name>.text:ClrScreen</name>
         <load_address>0xbb68</load_address>
         <run_address>0xbb68</run_address>
         <size>0x40</size>
         <input_file_ref idref="fl-2"/>
      </object_component>
      <object_component id="oc-2da">
         <name>.text:WriteDataSec</name>
         <load_address>0xbba8</load_address>
         <run_address>0xbba8</run_address>
         <size>0x3c</size>
         <input_file_ref idref="fl-6"/>
      </object_component>
      <object_component id="oc-44e">
         <name>.text:FontGlyphDataGet</name>
         <load_address>0xbbe4</load_address>
         <run_address>0xbbe4</run_address>
         <size>0x3a</size>
         <input_file_ref idref="fl-152"/>
      </object_component>
      <object_component id="oc-2c2">
         <name>.text:WriteCommand</name>
         <load_address>0xbc20</load_address>
         <run_address>0xbc20</run_address>
         <size>0x38</size>
         <input_file_ref idref="fl-6"/>
      </object_component>
      <object_component id="oc-14c">
         <name>.text:SysCtlPeripheralEnable</name>
         <load_address>0xbc58</load_address>
         <run_address>0xbc58</run_address>
         <size>0x34</size>
         <input_file_ref idref="fl-146"/>
      </object_component>
      <object_component id="oc-2c8">
         <name>.text:WriteData</name>
         <load_address>0xbc8c</load_address>
         <run_address>0xbc8c</run_address>
         <size>0x34</size>
         <input_file_ref idref="fl-6"/>
      </object_component>
      <object_component id="oc-370">
         <name>.text:LCDBP320x240x16_SSD1289PixelDraw</name>
         <load_address>0xbcc0</load_address>
         <run_address>0xbcc0</run_address>
         <size>0x32</size>
         <input_file_ref idref="fl-6"/>
      </object_component>
      <object_component id="oc-290">
         <name>.text:GPIODirModeSet</name>
         <load_address>0xbcf2</load_address>
         <run_address>0xbcf2</run_address>
         <size>0x2a</size>
         <input_file_ref idref="fl-149"/>
      </object_component>
      <object_component id="oc-1dc">
         <name>.text:GrFontBaselineGet</name>
         <load_address>0xbd1c</load_address>
         <run_address>0xbd1c</run_address>
         <size>0x2a</size>
         <input_file_ref idref="fl-152"/>
      </object_component>
      <object_component id="oc-4d4">
         <name>.text:GrFontHeightGet</name>
         <load_address>0xbd46</load_address>
         <run_address>0xbd46</run_address>
         <size>0x2a</size>
         <input_file_ref idref="fl-152"/>
      </object_component>
      <object_component id="oc-31f">
         <name>.text:GrStringNextCharGet</name>
         <load_address>0xbd70</load_address>
         <run_address>0xbd70</run_address>
         <size>0x2a</size>
         <input_file_ref idref="fl-152"/>
      </object_component>
      <object_component id="oc-477">
         <name>.text:WidgetIsInTree</name>
         <load_address>0xbd9a</load_address>
         <run_address>0xbd9a</run_address>
         <size>0x2a</size>
         <input_file_ref idref="fl-151"/>
      </object_component>
      <object_component id="oc-32b">
         <name>.text:GrFontInfoGet</name>
         <load_address>0xbdc4</load_address>
         <run_address>0xbdc4</run_address>
         <size>0x26</size>
         <input_file_ref idref="fl-152"/>
      </object_component>
      <object_component id="oc-4bb">
         <name>.text:OnButtonPress</name>
         <load_address>0xbdec</load_address>
         <run_address>0xbdec</run_address>
         <size>0x24</size>
         <input_file_ref idref="fl-2"/>
      </object_component>
      <object_component id="oc-1fa">
         <name>.text:WidgetAdd</name>
         <load_address>0xbe10</load_address>
         <run_address>0xbe10</run_address>
         <size>0x24</size>
         <input_file_ref idref="fl-151"/>
      </object_component>
      <object_component id="oc-325">
         <name>.text:GrFontGlyphDataGet</name>
         <load_address>0xbe34</load_address>
         <run_address>0xbe34</run_address>
         <size>0x22</size>
         <input_file_ref idref="fl-152"/>
      </object_component>
      <object_component id="oc-4b2">
         <name>.text:RectangularButtonMsgProc</name>
         <load_address>0xbe56</load_address>
         <run_address>0xbe56</run_address>
         <size>0x22</size>
         <input_file_ref idref="fl-154"/>
      </object_component>
      <object_component id="oc-25c">
         <name>.text:WaitI2CDone</name>
         <load_address>0xbe78</load_address>
         <run_address>0xbe78</run_address>
         <size>0x20</size>
         <input_file_ref idref="fl-8"/>
      </object_component>
      <object_component id="oc-2b7">
         <name>.text</name>
         <load_address>0xbe98</load_address>
         <run_address>0xbe98</run_address>
         <size>0x20</size>
         <input_file_ref idref="fl-13f"/>
      </object_component>
      <object_component id="oc-439">
         <name>.text:GrFontCodepageGet</name>
         <load_address>0xbeb8</load_address>
         <run_address>0xbeb8</run_address>
         <size>0x1e</size>
         <input_file_ref idref="fl-152"/>
      </object_component>
      <object_component id="oc-2b0">
         <name>.text:WaitI2CDone</name>
         <load_address>0xbed8</load_address>
         <run_address>0xbed8</run_address>
         <size>0x1c</size>
         <input_file_ref idref="fl-7"/>
      </object_component>
      <object_component id="oc-121">
         <name>.text:WidgetPointerMessage</name>
         <load_address>0xbef4</load_address>
         <run_address>0xbef4</run_address>
         <size>0x1c</size>
         <input_file_ref idref="fl-151"/>
      </object_component>
      <object_component id="oc-17c">
         <name>.text:GPIOPinTypeGPIOOutput</name>
         <load_address>0xbf10</load_address>
         <run_address>0xbf10</run_address>
         <size>0x18</size>
         <input_file_ref idref="fl-149"/>
      </object_component>
      <object_component id="oc-55">
         <name>.text</name>
         <load_address>0xbf28</load_address>
         <run_address>0xbf28</run_address>
         <size>0x18</size>
         <input_file_ref idref="fl-141"/>
      </object_component>
      <object_component id="oc-3dc">
         <name>.text:I2CMasterErr</name>
         <load_address>0xbf40</load_address>
         <run_address>0xbf40</run_address>
         <size>0x16</size>
         <input_file_ref idref="fl-148"/>
      </object_component>
      <object_component id="oc-38e">
         <name>.text:LCDBP320x240x16_SSD1289ColorTranslate</name>
         <load_address>0xbf56</load_address>
         <run_address>0xbf56</run_address>
         <size>0x16</size>
         <input_file_ref idref="fl-6"/>
      </object_component>
      <object_component id="oc-3bb">
         <name>.text:CanvasMsgProc</name>
         <load_address>0xbf6c</load_address>
         <run_address>0xbf6c</run_address>
         <size>0x14</size>
         <input_file_ref idref="fl-15a"/>
      </object_component>
      <object_component id="oc-47">
         <name>.text:Timer0IntHandler</name>
         <load_address>0xbf80</load_address>
         <run_address>0xbf80</run_address>
         <size>0x14</size>
         <input_file_ref idref="fl-2"/>
      </object_component>
      <object_component id="oc-34f">
         <name>.text:WidgetMutexGet</name>
         <load_address>0xbf94</load_address>
         <run_address>0xbf94</run_address>
         <size>0x14</size>
         <input_file_ref idref="fl-151"/>
      </object_component>
      <object_component id="oc-408">
         <name>.text:WriteHIGH</name>
         <load_address>0xbfa8</load_address>
         <run_address>0xbfa8</run_address>
         <size>0x14</size>
         <input_file_ref idref="fl-6"/>
      </object_component>
      <object_component id="oc-22d">
         <name>.text</name>
         <load_address>0xbfbc</load_address>
         <run_address>0xbfbc</run_address>
         <size>0x14</size>
         <input_file_ref idref="fl-140"/>
      </object_component>
      <object_component id="oc-19a">
         <name>.text:GPIOPinTypeGPIOInput</name>
         <load_address>0xbfd0</load_address>
         <run_address>0xbfd0</run_address>
         <size>0x12</size>
         <input_file_ref idref="fl-149"/>
      </object_component>
      <object_component id="oc-164">
         <name>.text:GPIOPinTypeI2C</name>
         <load_address>0xbfe2</load_address>
         <run_address>0xbfe2</run_address>
         <size>0x12</size>
         <input_file_ref idref="fl-149"/>
      </object_component>
      <object_component id="oc-15e">
         <name>.text:GPIOPinTypeI2CSCL</name>
         <load_address>0xbff4</load_address>
         <run_address>0xbff4</run_address>
         <size>0x12</size>
         <input_file_ref idref="fl-149"/>
      </object_component>
      <object_component id="oc-1e2">
         <name>.text:GrStringDraw</name>
         <load_address>0xc006</load_address>
         <run_address>0xc006</run_address>
         <size>0x12</size>
         <input_file_ref idref="fl-152"/>
      </object_component>
      <object_component id="oc-1ac">
         <name>.text:TimerLoadSet</name>
         <load_address>0xc018</load_address>
         <run_address>0xc018</run_address>
         <size>0x12</size>
         <input_file_ref idref="fl-145"/>
      </object_component>
      <object_component id="oc-1c">
         <name>.text:decompress:ZI</name>
         <load_address>0xc02a</load_address>
         <run_address>0xc02a</run_address>
         <size>0x12</size>
         <input_file_ref idref="fl-13a"/>
      </object_component>
      <object_component id="oc-13a">
         <name>.text:FPUEnable</name>
         <load_address>0xc03c</load_address>
         <run_address>0xc03c</run_address>
         <size>0x10</size>
         <input_file_ref idref="fl-14a"/>
      </object_component>
      <object_component id="oc-140">
         <name>.text:FPULazyStackingEnable</name>
         <load_address>0xc04c</load_address>
         <run_address>0xc04c</run_address>
         <size>0x10</size>
         <input_file_ref idref="fl-14a"/>
      </object_component>
      <object_component id="oc-158">
         <name>.text:uDMAEnable</name>
         <load_address>0xc05c</load_address>
         <run_address>0xc05c</run_address>
         <size>0x10</size>
         <input_file_ref idref="fl-144"/>
      </object_component>
      <object_component id="oc-89">
         <name>.text:GPIOIntDisable</name>
         <load_address>0xc06c</load_address>
         <run_address>0xc06c</run_address>
         <size>0xe</size>
         <input_file_ref idref="fl-149"/>
      </object_component>
      <object_component id="oc-1e8">
         <name>.text:GrImageDraw</name>
         <load_address>0xc07a</load_address>
         <run_address>0xc07a</run_address>
         <size>0xe</size>
         <input_file_ref idref="fl-156"/>
      </object_component>
      <object_component id="oc-1be">
         <name>.text:TimerEnable</name>
         <load_address>0xc088</load_address>
         <run_address>0xc088</run_address>
         <size>0xe</size>
         <input_file_ref idref="fl-145"/>
      </object_component>
      <object_component id="oc-16">
         <name>.text:decompress:none</name>
         <load_address>0xc096</load_address>
         <run_address>0xc096</run_address>
         <size>0xe</size>
         <input_file_ref idref="fl-138"/>
      </object_component>
      <object_component id="oc-2f9">
         <name>.text:CPUcpsie</name>
         <load_address>0xc0a4</load_address>
         <run_address>0xc0a4</run_address>
         <size>0xc</size>
         <input_file_ref idref="fl-14c"/>
      </object_component>
      <object_component id="oc-a8">
         <name>.text:GPIOIntEnable</name>
         <load_address>0xc0b0</load_address>
         <run_address>0xc0b0</run_address>
         <size>0xc</size>
         <input_file_ref idref="fl-149"/>
      </object_component>
      <object_component id="oc-152">
         <name>.text:uDMAControlBaseSet</name>
         <load_address>0xc0bc</load_address>
         <run_address>0xc0bc</run_address>
         <size>0xc</size>
         <input_file_ref idref="fl-144"/>
      </object_component>
      <object_component id="oc-2a6">
         <name>.text:I2CMasterEnable</name>
         <load_address>0xc0c8</load_address>
         <run_address>0xc0c8</run_address>
         <size>0xa</size>
         <input_file_ref idref="fl-148"/>
      </object_component>
      <object_component id="oc-1b8">
         <name>.text:IntMasterEnable</name>
         <load_address>0xc0d2</load_address>
         <run_address>0xc0d2</run_address>
         <size>0xa</size>
         <input_file_ref idref="fl-147"/>
      </object_component>
      <object_component id="oc-96">
         <name>.text:TimerIntDisable</name>
         <load_address>0xc0dc</load_address>
         <run_address>0xc0dc</run_address>
         <size>0xa</size>
         <input_file_ref idref="fl-145"/>
      </object_component>
      <object_component id="oc-427">
         <name>.text:GrMapISO8859_1_Unicode</name>
         <load_address>0xc0e6</load_address>
         <run_address>0xc0e6</run_address>
         <size>0x8</size>
         <input_file_ref idref="fl-159"/>
      </object_component>
      <object_component id="oc-3cb">
         <name>.text:I2CMasterBusy</name>
         <load_address>0xc0ee</load_address>
         <run_address>0xc0ee</run_address>
         <size>0x8</size>
         <input_file_ref idref="fl-148"/>
      </object_component>
      <object_component id="oc-24a">
         <name>.text:I2CMasterSlaveAddrSet</name>
         <load_address>0xc0f6</load_address>
         <run_address>0xc0f6</run_address>
         <size>0x8</size>
         <input_file_ref idref="fl-148"/>
      </object_component>
      <object_component id="oc-9c">
         <name>.text:TimerIntEnable</name>
         <load_address>0xc0fe</load_address>
         <run_address>0xc0fe</run_address>
         <size>0x8</size>
         <input_file_ref idref="fl-145"/>
      </object_component>
      <object_component id="oc-a2">
         <name>.text:GPIOIntClear</name>
         <load_address>0xc106</load_address>
         <run_address>0xc106</run_address>
         <size>0x6</size>
         <input_file_ref idref="fl-149"/>
      </object_component>
      <object_component id="oc-90">
         <name>.text:GPIOPinRead</name>
         <load_address>0xc10c</load_address>
         <run_address>0xc10c</run_address>
         <size>0x6</size>
         <input_file_ref idref="fl-149"/>
      </object_component>
      <object_component id="oc-182">
         <name>.text:GPIOPinWrite</name>
         <load_address>0xc112</load_address>
         <run_address>0xc112</run_address>
         <size>0x6</size>
         <input_file_ref idref="fl-149"/>
      </object_component>
      <object_component id="oc-1d0">
         <name>.text:GrContextFontSet</name>
         <load_address>0xc118</load_address>
         <run_address>0xc118</run_address>
         <size>0x6</size>
         <input_file_ref idref="fl-152"/>
      </object_component>
      <object_component id="oc-29">
         <name>.text:ResetISR</name>
         <load_address>0xc11e</load_address>
         <run_address>0xc11e</run_address>
         <size>0x6</size>
         <input_file_ref idref="fl-4"/>
      </object_component>
      <object_component id="oc-8f">
         <name>.text:SysCtlDelay</name>
         <load_address>0xc124</load_address>
         <run_address>0xc124</run_address>
         <size>0x6</size>
         <input_file_ref idref="fl-146"/>
      </object_component>
      <object_component id="oc-350">
         <name>.text:WidgetMutexPut</name>
         <load_address>0xc12a</load_address>
         <run_address>0xc12a</run_address>
         <size>0x6</size>
         <input_file_ref idref="fl-151"/>
      </object_component>
      <object_component id="oc-22">
         <name>.text:decompress:rle24</name>
         <load_address>0xc130</load_address>
         <run_address>0xc130</run_address>
         <size>0x6</size>
         <input_file_ref idref="fl-139"/>
      </object_component>
      <object_component id="oc-256">
         <name>.text:I2CMasterControl</name>
         <load_address>0xc136</load_address>
         <run_address>0xc136</run_address>
         <size>0x4</size>
         <input_file_ref idref="fl-148"/>
      </object_component>
      <object_component id="oc-3d1">
         <name>.text:I2CMasterDataGet</name>
         <load_address>0xc13a</load_address>
         <run_address>0xc13a</run_address>
         <size>0x4</size>
         <input_file_ref idref="fl-148"/>
      </object_component>
      <object_component id="oc-250">
         <name>.text:I2CMasterDataPut</name>
         <load_address>0xc13e</load_address>
         <run_address>0xc13e</run_address>
         <size>0x4</size>
         <input_file_ref idref="fl-148"/>
      </object_component>
      <object_component id="oc-b9">
         <name>.text:TimerIntClear</name>
         <load_address>0xc142</load_address>
         <run_address>0xc142</run_address>
         <size>0x4</size>
         <input_file_ref idref="fl-145"/>
      </object_component>
      <object_component id="oc-3ab">
         <name>.text:WidgetDefaultMsgProc</name>
         <load_address>0xc146</load_address>
         <run_address>0xc146</run_address>
         <size>0x4</size>
         <input_file_ref idref="fl-151"/>
      </object_component>
      <object_component id="oc-218">
         <name>.const:.string:g_pui8Image</name>
         <load_address>0x26c</load_address>
         <run_address>0x26c</run_address>
         <size>0x5d82</size>
         <input_file_ref idref="fl-3"/>
      </object_component>
      <object_component id="oc-39c">
         <name>.const:.string:g_pui8Cm30bData</name>
         <load_address>0x5ff0</load_address>
         <run_address>0x5ff0</run_address>
         <size>0xd2c</size>
         <input_file_ref idref="fl-14f"/>
      </object_component>
      <object_component id="oc-3a5">
         <name>.const:.string:g_pui8Cmss30bData</name>
         <load_address>0x6d1c</load_address>
         <run_address>0x6d1c</run_address>
         <size>0xcb4</size>
         <input_file_ref idref="fl-14d"/>
      </object_component>
      <object_component id="oc-4c8">
         <name>.const:.string:g_pui8Cm20Data</name>
         <load_address>0x79d0</load_address>
         <run_address>0x79d0</run_address>
         <size>0x95e</size>
         <input_file_ref idref="fl-150"/>
      </object_component>
      <object_component id="oc-4f2">
         <name>.const:.string:g_pui8Cmss22bData</name>
         <load_address>0x8330</load_address>
         <run_address>0x8330</run_address>
         <size>0x91e</size>
         <input_file_ref idref="fl-14e"/>
      </object_component>
      <object_component id="oc-493">
         <name>.const:g_sFontCm20</name>
         <load_address>0x8c50</load_address>
         <run_address>0x8c50</run_address>
         <size>0xc8</size>
         <input_file_ref idref="fl-150"/>
      </object_component>
      <object_component id="oc-215">
         <name>.const:g_sFontCm30b</name>
         <load_address>0x8d18</load_address>
         <run_address>0x8d18</run_address>
         <size>0xc8</size>
         <input_file_ref idref="fl-14f"/>
      </object_component>
      <object_component id="oc-4b8">
         <name>.const:g_sFontCmss22b</name>
         <load_address>0x8de0</load_address>
         <run_address>0x8de0</run_address>
         <size>0xc8</size>
         <input_file_ref idref="fl-14e"/>
      </object_component>
      <object_component id="oc-21c">
         <name>.const:g_sFontCmss30b</name>
         <load_address>0x8ea8</load_address>
         <run_address>0x8ea8</run_address>
         <size>0xc8</size>
         <input_file_ref idref="fl-14d"/>
      </object_component>
      <object_component id="oc-29e">
         <name>.const:g_pui32GPIOBaseAddrs</name>
         <load_address>0x8f70</load_address>
         <run_address>0x8f70</run_address>
         <size>0x90</size>
         <input_file_ref idref="fl-149"/>
      </object_component>
      <object_component id="oc-2f4">
         <name>.const</name>
         <load_address>0x9000</load_address>
         <run_address>0x9000</run_address>
         <size>0x70</size>
         <input_file_ref idref="fl-147"/>
      </object_component>
      <object_component id="oc-2a2">
         <name>.const:g_pui32Xtals</name>
         <load_address>0x9070</load_address>
         <run_address>0x9070</run_address>
         <size>0x6c</size>
         <input_file_ref idref="fl-146"/>
      </object_component>
      <object_component id="oc-212">
         <name>.const:g_sLCDBP320x240x16_SSD1289</name>
         <load_address>0x90dc</load_address>
         <run_address>0x90dc</run_address>
         <size>0x28</size>
         <input_file_ref idref="fl-6"/>
      </object_component>
      <object_component id="oc-496">
         <name>.const:.string</name>
         <load_address>0x9104</load_address>
         <run_address>0x9104</run_address>
         <size>0x1c</size>
         <input_file_ref idref="fl-2"/>
      </object_component>
      <object_component id="oc-307">
         <name>.const</name>
         <load_address>0x9120</load_address>
         <run_address>0x9120</run_address>
         <size>0x10</size>
         <input_file_ref idref="fl-157"/>
      </object_component>
      <object_component id="oc-52f">
         <name>.cinit..data.load</name>
         <load_address>0xc150</load_address>
         <run_address>0xc150</run_address>
         <size>0xa7</size>
      </object_component>
      <object_component id="oc-52d">
         <name>__TI_handler_table</name>
         <load_address>0xc1f8</load_address>
         <run_address>0xc1f8</run_address>
         <size>0xc</size>
      </object_component>
      <object_component id="oc-530">
         <name>.cinit..bss.load</name>
         <load_address>0xc208</load_address>
         <run_address>0xc208</run_address>
         <size>0x8</size>
      </object_component>
      <object_component id="oc-52e">
         <name>__TI_cinit_table</name>
         <load_address>0xc210</load_address>
         <run_address>0xc210</run_address>
         <size>0x10</size>
      </object_component>
      <object_component id="oc-61">
         <name>.data</name>
         <load_address>0x20000cb8</load_address>
         <run_address>0x20000cb8</run_address>
         <size>0x4</size>
         <input_file_ref idref="fl-13d"/>
      </object_component>
      <object_component id="oc-db">
         <name>.data</name>
         <load_address>0x20000ca8</load_address>
         <run_address>0x20000ca8</run_address>
         <size>0x8</size>
         <input_file_ref idref="fl-140"/>
      </object_component>
      <object_component id="oc-de">
         <name>.data</name>
         <load_address>0x20000cb0</load_address>
         <run_address>0x20000cb0</run_address>
         <size>0x8</size>
         <input_file_ref idref="fl-13b"/>
      </object_component>
      <object_component id="oc-21f">
         <name>.data</name>
         <load_address>0x20000c78</load_address>
         <run_address>0x20000c78</run_address>
         <size>0x2d</size>
         <input_file_ref idref="fl-151"/>
      </object_component>
      <object_component id="oc-222">
         <name>.data:g_sBackground</name>
         <load_address>0x20000bf8</load_address>
         <run_address>0x20000bf8</run_address>
         <size>0x40</size>
         <input_file_ref idref="fl-2"/>
      </object_component>
      <object_component id="oc-3b8">
         <name>.data:g_sHeading</name>
         <load_address>0x20000c38</load_address>
         <run_address>0x20000c38</run_address>
         <size>0x40</size>
         <input_file_ref idref="fl-2"/>
      </object_component>
      <object_component id="oc-490">
         <name>.data:g_sPushBtn</name>
         <load_address>0x20000ba8</load_address>
         <run_address>0x20000ba8</run_address>
         <size>0x50</size>
         <input_file_ref idref="fl-2"/>
      </object_component>
      <object_component id="oc-4f8">
         <name>.data</name>
         <load_address>0x20000ca5</load_address>
         <run_address>0x20000ca5</run_address>
         <size>0x1</size>
         <input_file_ref idref="fl-2"/>
      </object_component>
      <object_component id="oc-131">
         <name>.bss:touchevents</name>
         <uninitialized>true</uninitialized>
         <run_address>0x20000400</run_address>
         <size>0x190</size>
         <input_file_ref idref="fl-8"/>
      </object_component>
      <object_component id="oc-20c">
         <name>.bss:sDMAControlTable</name>
         <uninitialized>true</uninitialized>
         <run_address>0x20000000</run_address>
         <size>0x400</size>
         <input_file_ref idref="fl-2"/>
      </object_component>
      <object_component id="oc-20f">
         <name>.bss:sContext</name>
         <uninitialized>true</uninitialized>
         <run_address>0x200006d0</run_address>
         <size>0x2c</size>
         <input_file_ref idref="fl-2"/>
      </object_component>
      <object_component id="oc-30a">
         <name>.bss</name>
         <uninitialized>true</uninitialized>
         <run_address>0x20000758</run_address>
         <size>0x4</size>
         <input_file_ref idref="fl-157"/>
      </object_component>
      <object_component id="oc-356">
         <name>.bss:g_psMQ</name>
         <uninitialized>true</uninitialized>
         <run_address>0x20000590</run_address>
         <size>0x140</size>
         <input_file_ref idref="fl-151"/>
      </object_component>
      <object_component id="oc-45c">
         <name>.bss</name>
         <uninitialized>true</uninitialized>
         <run_address>0x200006fc</run_address>
         <size>0x20</size>
         <input_file_ref idref="fl-156"/>
      </object_component>
      <object_component id="oc-3e6">
         <name>.common:tY</name>
         <uninitialized>true</uninitialized>
         <run_address>0x20000780</run_address>
         <size>0x4</size>
      </object_component>
      <object_component id="oc-3e7">
         <name>.common:tX</name>
         <uninitialized>true</uninitialized>
         <run_address>0x20000778</run_address>
         <size>0x4</size>
      </object_component>
      <object_component id="oc-269">
         <name>.common:tZ1</name>
         <uninitialized>true</uninitialized>
         <run_address>0x20000788</run_address>
         <size>0x4</size>
      </object_component>
      <object_component id="oc-268">
         <name>.common:tZ2</name>
         <uninitialized>true</uninitialized>
         <run_address>0x2000078c</run_address>
         <size>0x4</size>
      </object_component>
      <object_component id="oc-26c">
         <name>.common:tRtouch</name>
         <uninitialized>true</uninitialized>
         <run_address>0x20000774</run_address>
         <size>0x4</size>
      </object_component>
      <object_component id="oc-2e9">
         <name>.common:lock</name>
         <uninitialized>true</uninitialized>
         <run_address>0x20000770</run_address>
         <size>0x4</size>
      </object_component>
      <object_component id="oc-2ed">
         <name>.common:flcal</name>
         <uninitialized>true</uninitialized>
         <run_address>0x20000760</run_address>
         <size>0x4</size>
      </object_component>
      <object_component id="oc-3e2">
         <name>.common:I2Cwd</name>
         <uninitialized>true</uninitialized>
         <run_address>0x2000075c</run_address>
         <size>0x4</size>
      </object_component>
      <object_component id="oc-315">
         <name>.common:sRect</name>
         <uninitialized>true</uninitialized>
         <run_address>0x20000750</run_address>
         <size>0x8</size>
      </object_component>
      <object_component id="oc-2e0">
         <name>.common:ulClockMS</name>
         <uninitialized>true</uninitialized>
         <run_address>0x20000798</run_address>
         <size>0x4</size>
      </object_component>
      <object_component id="oc-2e3">
         <name>.common:ulClockMS3</name>
         <uninitialized>true</uninitialized>
         <run_address>0x2000079c</run_address>
         <size>0x4</size>
      </object_component>
      <object_component id="oc-2e4">
         <name>.common:midelay</name>
         <uninitialized>true</uninitialized>
         <run_address>0x20000738</run_address>
         <size>0x8</size>
      </object_component>
      <object_component id="oc-2e5">
         <name>.common:midelayns</name>
         <uninitialized>true</uninitialized>
         <run_address>0x20000740</run_address>
         <size>0x8</size>
      </object_component>
      <object_component id="oc-2e6">
         <name>.common:midelaynsr</name>
         <uninitialized>true</uninitialized>
         <run_address>0x20000748</run_address>
         <size>0x8</size>
      </object_component>
      <object_component id="oc-26b">
         <name>.common:tYc</name>
         <uninitialized>true</uninitialized>
         <run_address>0x20000784</run_address>
         <size>0x4</size>
      </object_component>
      <object_component id="oc-26a">
         <name>.common:tXc</name>
         <uninitialized>true</uninitialized>
         <run_address>0x2000077c</run_address>
         <size>0x4</size>
      </object_component>
      <object_component id="oc-2ea">
         <name>.common:fldown</name>
         <uninitialized>true</uninitialized>
         <run_address>0x20000768</run_address>
         <size>0x4</size>
      </object_component>
      <object_component id="oc-3e4">
         <name>.common:flcc</name>
         <uninitialized>true</uninitialized>
         <run_address>0x20000764</run_address>
         <size>0x4</size>
      </object_component>
      <object_component id="oc-2ee">
         <name>.common:touchstate</name>
         <uninitialized>true</uninitialized>
         <run_address>0x20000794</run_address>
         <size>0x4</size>
      </object_component>
      <object_component id="oc-127">
         <name>.common:xbk</name>
         <uninitialized>true</uninitialized>
         <run_address>0x200007a0</run_address>
         <size>0x4</size>
      </object_component>
      <object_component id="oc-128">
         <name>.common:ybk</name>
         <uninitialized>true</uninitialized>
         <run_address>0x200007a4</run_address>
         <size>0x4</size>
      </object_component>
      <object_component id="oc-2ec">
         <name>.common:tevents</name>
         <uninitialized>true</uninitialized>
         <run_address>0x20000790</run_address>
         <size>0x4</size>
      </object_component>
      <object_component id="oc-3e5">
         <name>.common:g_plParmSet</name>
         <uninitialized>true</uninitialized>
         <run_address>0x2000076c</run_address>
         <size>0x4</size>
      </object_component>
      <object_component id="oc-34a">
         <name>.common:tempparm</name>
         <uninitialized>true</uninitialized>
         <run_address>0x2000071c</run_address>
         <size>0x1c</size>
      </object_component>
      <object_component id="oc-28">
         <name>.stack</name>
         <uninitialized>true</uninitialized>
         <run_address>0x200007a8</run_address>
         <size>0x0</size>
         <input_file_ref idref="fl-137"/>
      </object_component>
      <object_component id="oc-531">
         <name>.stack</name>
         <uninitialized>true</uninitialized>
         <run_address>0x200007a8</run_address>
         <size>0x0</size>
      </object_component>
      <object_component id="oc-f">
         <name>.debug_info</name>
         <load_address>0x0</load_address>
         <run_address>0x0</run_address>
         <size>0xe4</size>
         <input_file_ref idref="fl-4"/>
      </object_component>
      <object_component id="oc-14">
         <name>.debug_info</name>
         <load_address>0xe4</load_address>
         <run_address>0xe4</run_address>
         <size>0xf3</size>
         <input_file_ref idref="fl-137"/>
      </object_component>
      <object_component id="oc-17">
         <name>.debug_info</name>
         <load_address>0x1d7</load_address>
         <run_address>0x1d7</run_address>
         <size>0x194</size>
         <input_file_ref idref="fl-138"/>
      </object_component>
      <object_component id="oc-1e">
         <name>.debug_info</name>
         <load_address>0x36b</load_address>
         <run_address>0x36b</run_address>
         <size>0x16a</size>
         <input_file_ref idref="fl-13a"/>
      </object_component>
      <object_component id="oc-25">
         <name>.debug_info</name>
         <load_address>0x4d5</load_address>
         <run_address>0x4d5</run_address>
         <size>0x18e</size>
         <input_file_ref idref="fl-139"/>
      </object_component>
      <object_component id="oc-2a">
         <name>.debug_info</name>
         <load_address>0x663</load_address>
         <run_address>0x663</run_address>
         <size>0x114</size>
         <input_file_ref idref="fl-4"/>
      </object_component>
      <object_component id="oc-30">
         <name>.debug_info</name>
         <load_address>0x777</load_address>
         <run_address>0x777</run_address>
         <size>0x103</size>
         <input_file_ref idref="fl-4"/>
      </object_component>
      <object_component id="oc-36">
         <name>.debug_info</name>
         <load_address>0x87a</load_address>
         <run_address>0x87a</run_address>
         <size>0x10b</size>
         <input_file_ref idref="fl-4"/>
      </object_component>
      <object_component id="oc-3c">
         <name>.debug_info</name>
         <load_address>0x985</load_address>
         <run_address>0x985</run_address>
         <size>0x11d</size>
         <input_file_ref idref="fl-4"/>
      </object_component>
      <object_component id="oc-42">
         <name>.debug_info</name>
         <load_address>0xaa2</load_address>
         <run_address>0xaa2</run_address>
         <size>0x1f1</size>
         <input_file_ref idref="fl-8"/>
      </object_component>
      <object_component id="oc-48">
         <name>.debug_info</name>
         <load_address>0xc93</load_address>
         <run_address>0xc93</run_address>
         <size>0x142</size>
         <input_file_ref idref="fl-2"/>
      </object_component>
      <object_component id="oc-4f">
         <name>.debug_info</name>
         <load_address>0xdd5</load_address>
         <run_address>0xdd5</run_address>
         <size>0x14f</size>
         <input_file_ref idref="fl-4"/>
      </object_component>
      <object_component id="oc-52">
         <name>.debug_info</name>
         <load_address>0xf24</load_address>
         <run_address>0xf24</run_address>
         <size>0x13d</size>
         <input_file_ref idref="fl-142"/>
      </object_component>
      <object_component id="oc-56">
         <name>.debug_info</name>
         <load_address>0x1061</load_address>
         <run_address>0x1061</run_address>
         <size>0x11c</size>
         <input_file_ref idref="fl-141"/>
      </object_component>
      <object_component id="oc-5f">
         <name>.debug_info</name>
         <load_address>0x117d</load_address>
         <run_address>0x117d</run_address>
         <size>0x1c2</size>
         <input_file_ref idref="fl-13b"/>
      </object_component>
      <object_component id="oc-62">
         <name>.debug_info</name>
         <load_address>0x133f</load_address>
         <run_address>0x133f</run_address>
         <size>0xbe</size>
         <input_file_ref idref="fl-13d"/>
      </object_component>
      <object_component id="oc-66">
         <name>.debug_info</name>
         <load_address>0x13fd</load_address>
         <run_address>0x13fd</run_address>
         <size>0xcc</size>
         <input_file_ref idref="fl-13c"/>
      </object_component>
      <object_component id="oc-6b">
         <name>.debug_info</name>
         <load_address>0x14c9</load_address>
         <run_address>0x14c9</run_address>
         <size>0x46</size>
         <input_file_ref idref="fl-138"/>
      </object_component>
      <object_component id="oc-70">
         <name>.debug_info</name>
         <load_address>0x150f</load_address>
         <run_address>0x150f</run_address>
         <size>0xf2</size>
         <input_file_ref idref="fl-138"/>
      </object_component>
      <object_component id="oc-72">
         <name>.debug_info</name>
         <load_address>0x1601</load_address>
         <run_address>0x1601</run_address>
         <size>0x46</size>
         <input_file_ref idref="fl-13a"/>
      </object_component>
      <object_component id="oc-77">
         <name>.debug_info</name>
         <load_address>0x1647</load_address>
         <run_address>0x1647</run_address>
         <size>0xad</size>
         <input_file_ref idref="fl-13a"/>
      </object_component>
      <object_component id="oc-7a">
         <name>.debug_info</name>
         <load_address>0x16f4</load_address>
         <run_address>0x16f4</run_address>
         <size>0x1ef</size>
         <input_file_ref idref="fl-139"/>
      </object_component>
      <object_component id="oc-7f">
         <name>.debug_info</name>
         <load_address>0x18e3</load_address>
         <run_address>0x18e3</run_address>
         <size>0xb7</size>
         <input_file_ref idref="fl-139"/>
      </object_component>
      <object_component id="oc-80">
         <name>.debug_info</name>
         <load_address>0x199a</load_address>
         <run_address>0x199a</run_address>
         <size>0x39</size>
         <input_file_ref idref="fl-139"/>
      </object_component>
      <object_component id="oc-8b">
         <name>.debug_info</name>
         <load_address>0x19d3</load_address>
         <run_address>0x19d3</run_address>
         <size>0x1f5</size>
         <input_file_ref idref="fl-149"/>
      </object_component>
      <object_component id="oc-92">
         <name>.debug_info</name>
         <load_address>0x1bc8</load_address>
         <run_address>0x1bc8</run_address>
         <size>0x1df</size>
         <input_file_ref idref="fl-149"/>
      </object_component>
      <object_component id="oc-97">
         <name>.debug_info</name>
         <load_address>0x1da7</load_address>
         <run_address>0x1da7</run_address>
         <size>0x1fa</size>
         <input_file_ref idref="fl-145"/>
      </object_component>
      <object_component id="oc-9d">
         <name>.debug_info</name>
         <load_address>0x1fa1</load_address>
         <run_address>0x1fa1</run_address>
         <size>0x1f8</size>
         <input_file_ref idref="fl-145"/>
      </object_component>
      <object_component id="oc-a4">
         <name>.debug_info</name>
         <load_address>0x2199</load_address>
         <run_address>0x2199</run_address>
         <size>0x1f1</size>
         <input_file_ref idref="fl-149"/>
      </object_component>
      <object_component id="oc-aa">
         <name>.debug_info</name>
         <load_address>0x238a</load_address>
         <run_address>0x238a</run_address>
         <size>0x1f3</size>
         <input_file_ref idref="fl-149"/>
      </object_component>
      <object_component id="oc-af">
         <name>.debug_info</name>
         <load_address>0x257d</load_address>
         <run_address>0x257d</run_address>
         <size>0x9c1</size>
         <input_file_ref idref="fl-8"/>
      </object_component>
      <object_component id="oc-b4">
         <name>.debug_info</name>
         <load_address>0x2f3e</load_address>
         <run_address>0x2f3e</run_address>
         <size>0x1b2</size>
         <input_file_ref idref="fl-8"/>
      </object_component>
      <object_component id="oc-ba">
         <name>.debug_info</name>
         <load_address>0x30f0</load_address>
         <run_address>0x30f0</run_address>
         <size>0x1f6</size>
         <input_file_ref idref="fl-145"/>
      </object_component>
      <object_component id="oc-c2">
         <name>.debug_info</name>
         <load_address>0x32e6</load_address>
         <run_address>0x32e6</run_address>
         <size>0x84</size>
         <input_file_ref idref="fl-4"/>
      </object_component>
      <object_component id="oc-c7">
         <name>.debug_info</name>
         <load_address>0x336a</load_address>
         <run_address>0x336a</run_address>
         <size>0x18b</size>
         <input_file_ref idref="fl-2"/>
      </object_component>
      <object_component id="oc-cd">
         <name>.debug_info</name>
         <load_address>0x34f5</load_address>
         <run_address>0x34f5</run_address>
         <size>0x14b</size>
         <input_file_ref idref="fl-143"/>
      </object_component>
      <object_component id="oc-d4">
         <name>.debug_info</name>
         <load_address>0x3640</load_address>
         <run_address>0x3640</run_address>
         <size>0x810</size>
         <input_file_ref idref="fl-2"/>
      </object_component>
      <object_component id="oc-da">
         <name>.debug_info</name>
         <load_address>0x3e50</load_address>
         <run_address>0x3e50</run_address>
         <size>0x11b</size>
         <input_file_ref idref="fl-141"/>
      </object_component>
      <object_component id="oc-dc">
         <name>.debug_info</name>
         <load_address>0x3f6b</load_address>
         <run_address>0x3f6b</run_address>
         <size>0xc8</size>
         <input_file_ref idref="fl-140"/>
      </object_component>
      <object_component id="oc-df">
         <name>.debug_info</name>
         <load_address>0x4033</load_address>
         <run_address>0x4033</run_address>
         <size>0xeb</size>
         <input_file_ref idref="fl-13b"/>
      </object_component>
      <object_component id="oc-e2">
         <name>.debug_info</name>
         <load_address>0x411e</load_address>
         <run_address>0x411e</run_address>
         <size>0x146</size>
         <input_file_ref idref="fl-13b"/>
      </object_component>
      <object_component id="oc-e7">
         <name>.debug_info</name>
         <load_address>0x4264</load_address>
         <run_address>0x4264</run_address>
         <size>0x2c</size>
         <input_file_ref idref="fl-138"/>
      </object_component>
      <object_component id="oc-ee">
         <name>.debug_info</name>
         <load_address>0x4290</load_address>
         <run_address>0x4290</run_address>
         <size>0x2c</size>
         <input_file_ref idref="fl-13a"/>
      </object_component>
      <object_component id="oc-f9">
         <name>.debug_info</name>
         <load_address>0x42bc</load_address>
         <run_address>0x42bc</run_address>
         <size>0x18b</size>
         <input_file_ref idref="fl-144"/>
      </object_component>
      <object_component id="oc-fe">
         <name>.debug_info</name>
         <load_address>0x4447</load_address>
         <run_address>0x4447</run_address>
         <size>0x1d7</size>
         <input_file_ref idref="fl-149"/>
      </object_component>
      <object_component id="oc-101">
         <name>.debug_info</name>
         <load_address>0x461e</load_address>
         <run_address>0x461e</run_address>
         <size>0x1cf</size>
         <input_file_ref idref="fl-145"/>
      </object_component>
      <object_component id="oc-107">
         <name>.debug_info</name>
         <load_address>0x47ed</load_address>
         <run_address>0x47ed</run_address>
         <size>0x6bd</size>
         <input_file_ref idref="fl-2"/>
      </object_component>
      <object_component id="oc-10c">
         <name>.debug_info</name>
         <load_address>0x4eaa</load_address>
         <run_address>0x4eaa</run_address>
         <size>0xc6</size>
         <input_file_ref idref="fl-2"/>
      </object_component>
      <object_component id="oc-111">
         <name>.debug_info</name>
         <load_address>0x4f70</load_address>
         <run_address>0x4f70</run_address>
         <size>0x8b</size>
         <input_file_ref idref="fl-2"/>
      </object_component>
      <object_component id="oc-116">
         <name>.debug_info</name>
         <load_address>0x4ffb</load_address>
         <run_address>0x4ffb</run_address>
         <size>0x2c</size>
         <input_file_ref idref="fl-2"/>
      </object_component>
      <object_component id="oc-11c">
         <name>.debug_info</name>
         <load_address>0x5027</load_address>
         <run_address>0x5027</run_address>
         <size>0x27f</size>
         <input_file_ref idref="fl-8"/>
      </object_component>
      <object_component id="oc-122">
         <name>.debug_info</name>
         <load_address>0x52a6</load_address>
         <run_address>0x52a6</run_address>
         <size>0x1e4</size>
         <input_file_ref idref="fl-151"/>
      </object_component>
      <object_component id="oc-12c">
         <name>.debug_info</name>
         <load_address>0x548a</load_address>
         <run_address>0x548a</run_address>
         <size>0xf91</size>
         <input_file_ref idref="fl-2"/>
      </object_component>
      <object_component id="oc-132">
         <name>.debug_info</name>
         <load_address>0x641b</load_address>
         <run_address>0x641b</run_address>
         <size>0xec</size>
         <input_file_ref idref="fl-8"/>
      </object_component>
      <object_component id="oc-139">
         <name>.debug_info</name>
         <load_address>0x6507</load_address>
         <run_address>0x6507</run_address>
         <size>0x148</size>
         <input_file_ref idref="fl-143"/>
      </object_component>
      <object_component id="oc-13b">
         <name>.debug_info</name>
         <load_address>0x664f</load_address>
         <run_address>0x664f</run_address>
         <size>0x171</size>
         <input_file_ref idref="fl-14a"/>
      </object_component>
      <object_component id="oc-141">
         <name>.debug_info</name>
         <load_address>0x67c0</load_address>
         <run_address>0x67c0</run_address>
         <size>0x189</size>
         <input_file_ref idref="fl-14a"/>
      </object_component>
      <object_component id="oc-147">
         <name>.debug_info</name>
         <load_address>0x6949</load_address>
         <run_address>0x6949</run_address>
         <size>0x363</size>
         <input_file_ref idref="fl-146"/>
      </object_component>
      <object_component id="oc-14d">
         <name>.debug_info</name>
         <load_address>0x6cac</load_address>
         <run_address>0x6cac</run_address>
         <size>0x1e1</size>
         <input_file_ref idref="fl-146"/>
      </object_component>
      <object_component id="oc-153">
         <name>.debug_info</name>
         <load_address>0x6e8d</load_address>
         <run_address>0x6e8d</run_address>
         <size>0x1d0</size>
         <input_file_ref idref="fl-144"/>
      </object_component>
      <object_component id="oc-159">
         <name>.debug_info</name>
         <load_address>0x705d</load_address>
         <run_address>0x705d</run_address>
         <size>0x176</size>
         <input_file_ref idref="fl-144"/>
      </object_component>
      <object_component id="oc-15f">
         <name>.debug_info</name>
         <load_address>0x71d3</load_address>
         <run_address>0x71d3</run_address>
         <size>0x1e3</size>
         <input_file_ref idref="fl-149"/>
      </object_component>
      <object_component id="oc-166">
         <name>.debug_info</name>
         <load_address>0x73b6</load_address>
         <run_address>0x73b6</run_address>
         <size>0x1dd</size>
         <input_file_ref idref="fl-149"/>
      </object_component>
      <object_component id="oc-16c">
         <name>.debug_info</name>
         <load_address>0x7593</load_address>
         <run_address>0x7593</run_address>
         <size>0x1e4</size>
         <input_file_ref idref="fl-149"/>
      </object_component>
      <object_component id="oc-171">
         <name>.debug_info</name>
         <load_address>0x7777</load_address>
         <run_address>0x7777</run_address>
         <size>0x219</size>
         <input_file_ref idref="fl-146"/>
      </object_component>
      <object_component id="oc-177">
         <name>.debug_info</name>
         <load_address>0x7990</load_address>
         <run_address>0x7990</run_address>
         <size>0x24c</size>
         <input_file_ref idref="fl-148"/>
      </object_component>
      <object_component id="oc-17e">
         <name>.debug_info</name>
         <load_address>0x7bdc</load_address>
         <run_address>0x7bdc</run_address>
         <size>0x1eb</size>
         <input_file_ref idref="fl-149"/>
      </object_component>
      <object_component id="oc-183">
         <name>.debug_info</name>
         <load_address>0x7dc7</load_address>
         <run_address>0x7dc7</run_address>
         <size>0x207</size>
         <input_file_ref idref="fl-149"/>
      </object_component>
      <object_component id="oc-189">
         <name>.debug_info</name>
         <load_address>0x7fce</load_address>
         <run_address>0x7fce</run_address>
         <size>0x422</size>
         <input_file_ref idref="fl-7"/>
      </object_component>
      <object_component id="oc-18f">
         <name>.debug_info</name>
         <load_address>0x83f0</load_address>
         <run_address>0x83f0</run_address>
         <size>0x578</size>
         <input_file_ref idref="fl-6"/>
      </object_component>
      <object_component id="oc-195">
         <name>.debug_info</name>
         <load_address>0x8968</load_address>
         <run_address>0x8968</run_address>
         <size>0x1c1</size>
         <input_file_ref idref="fl-8"/>
      </object_component>
      <object_component id="oc-19c">
         <name>.debug_info</name>
         <load_address>0x8b29</load_address>
         <run_address>0x8b29</run_address>
         <size>0x1e9</size>
         <input_file_ref idref="fl-149"/>
      </object_component>
      <object_component id="oc-1a2">
         <name>.debug_info</name>
         <load_address>0x8d12</load_address>
         <run_address>0x8d12</run_address>
         <size>0x21f</size>
         <input_file_ref idref="fl-149"/>
      </object_component>
      <object_component id="oc-1a7">
         <name>.debug_info</name>
         <load_address>0x8f31</load_address>
         <run_address>0x8f31</run_address>
         <size>0x1f0</size>
         <input_file_ref idref="fl-145"/>
      </object_component>
      <object_component id="oc-1ad">
         <name>.debug_info</name>
         <load_address>0x9121</load_address>
         <run_address>0x9121</run_address>
         <size>0x21e</size>
         <input_file_ref idref="fl-145"/>
      </object_component>
      <object_component id="oc-1b3">
         <name>.debug_info</name>
         <load_address>0x933f</load_address>
         <run_address>0x933f</run_address>
         <size>0x1cc</size>
         <input_file_ref idref="fl-147"/>
      </object_component>
      <object_component id="oc-1b9">
         <name>.debug_info</name>
         <load_address>0x950b</load_address>
         <run_address>0x950b</run_address>
         <size>0x1a2</size>
         <input_file_ref idref="fl-147"/>
      </object_component>
      <object_component id="oc-1bf">
         <name>.debug_info</name>
         <load_address>0x96ad</load_address>
         <run_address>0x96ad</run_address>
         <size>0x1e3</size>
         <input_file_ref idref="fl-145"/>
      </object_component>
      <object_component id="oc-1c7">
         <name>.debug_info</name>
         <load_address>0x9890</load_address>
         <run_address>0x9890</run_address>
         <size>0x1e1</size>
[...]
         <value>0xb3f1</value>
         <object_component_ref idref="oc-402"/>
      </symbol>
      <symbol id="sm-1d9">
         <name>LCDBP320x240x16_SSD1289ColorTranslate</name>
         <value>0xbf57</value>
         <object_component_ref idref="oc-38e"/>
      </symbol>
      <symbol id="sm-1da">
         <name>WriteCommand</name>
         <value>0xbc21</value>
         <object_component_ref idref="oc-2c2"/>
      </symbol>
      <symbol id="sm-1f1">
         <name>ConfigBK_I2C</name>
         <value>0xa851</value>
         <object_component_ref idref="oc-188"/>
      </symbol>
      <symbol id="sm-1f2">
         <name>WaitI2CDone</name>
         <value>0xbed9</value>
         <object_component_ref idref="oc-2b0"/>
      </symbol>
      <symbol id="sm-293">
         <name>tYc</name>
         <value>0x20000784</value>
      </symbol>
      <symbol id="sm-294">
         <name>tXc</name>
         <value>0x2000077c</value>
      </symbol>
      <symbol id="sm-295">
         <name>fldown</name>
         <value>0x20000768</value>
      </symbol>
      <symbol id="sm-296">
         <name>flcc</name>
         <value>0x20000764</value>
      </symbol>
      <symbol id="sm-297">
         <name>touchstate</name>
         <value>0x20000794</value>
      </symbol>
      <symbol id="sm-298">
         <name>xbk</name>
         <value>0x200007a0</value>
      </symbol>
      <symbol id="sm-299">
         <name>ybk</name>
         <value>0x200007a4</value>
      </symbol>
      <symbol id="sm-29a">
         <name>tevents</name>
         <value>0x20000790</value>
      </symbol>
      <symbol id="sm-29b">
         <name>g_plParmSet</name>
         <value>0x2000076c</value>
      </symbol>
      <symbol id="sm-29c">
         <name>tempparm</name>
         <value>0x2000071c</value>
      </symbol>
      <symbol id="sm-29d">
         <name>touch_IntHandler</name>
         <value>0xb2a9</value>
         <object_component_ref idref="oc-41"/>
      </symbol>
      <symbol id="sm-29e">
         <name>LCDBPV2_touch_receiveI2C</name>
         <value>0xb089</value>
         <object_component_ref idref="oc-244"/>
      </symbol>
      <symbol id="sm-29f">
         <name>LCDBPV2_loadparm</name>
         <value>0xb811</value>
         <object_component_ref idref="oc-1f4"/>
      </symbol>
      <symbol id="sm-2a0">
         <name>gettouch</name>
         <value>0xa61d</value>
         <object_component_ref idref="oc-11b"/>
      </symbol>
      <symbol id="sm-2a1">
         <name>LCDBPV2_touch_Init</name>
         <value>0xb239</value>
         <object_component_ref idref="oc-194"/>
      </symbol>
      <symbol id="sm-2a2">
         <name>LCDBPV2_calcParam</name>
         <value>0xb319</value>
         <object_component_ref idref="oc-262"/>
      </symbol>
      <symbol id="sm-2a3">
         <name>touchprocess</name>
         <value>0xae89</value>
         <object_component_ref idref="oc-b3"/>
      </symbol>
      <symbol id="sm-2a4">
         <name>touchevents</name>
         <value>0x20000400</value>
         <object_component_ref idref="oc-131"/>
      </symbol>
      <symbol id="sm-2b4">
         <name>_c_int00</name>
         <value>0xb93d</value>
         <object_component_ref idref="oc-11"/>
      </symbol>
      <symbol id="sm-2b5">
         <name>__stack</name>
         <value>0x200007a8</value>
         <object_component_ref idref="oc-28"/>
      </symbol>
      <symbol id="sm-2cc">
         <name>__TI_decompress_none</name>
         <value>0xc097</value>
         <object_component_ref idref="oc-16"/>
      </symbol>
      <symbol id="sm-2f0">
         <name>__TI_decompress_rle24</name>
         <value>0xc131</value>
         <object_component_ref idref="oc-22"/>
      </symbol>
      <symbol id="sm-309">
         <name>__TI_zero_init</name>
         <value>0xc02b</value>
         <object_component_ref idref="oc-1c"/>
      </symbol>
      <symbol id="sm-328">
         <name>C$$EXIT</name>
         <value>0xbb25</value>
         <object_component_ref idref="oc-5b"/>
      </symbol>
      <symbol id="sm-329">
         <name>abort</name>
         <value>0xbb29</value>
         <object_component_ref idref="oc-5b"/>
      </symbol>
      <symbol id="sm-32a">
         <name>exit</name>
         <value>0xbb31</value>
         <object_component_ref idref="oc-5b"/>
      </symbol>
      <symbol id="sm-32b">
         <name>__TI_dtors_ptr</name>
         <value>0x20000cb4</value>
         <object_component_ref idref="oc-de"/>
      </symbol>
      <symbol id="sm-32c">
         <name>__TI_cleanup_ptr</name>
         <value>0x20000cb0</value>
         <object_component_ref idref="oc-de"/>
      </symbol>
      <symbol id="sm-347">
         <name>memcpy</name>
         <value>0xafed</value>
         <object_component_ref idref="oc-65"/>
      </symbol>
      <symbol id="sm-348">
         <name>__aeabi_memcpy</name>
         <value>0xafed</value>
         <object_component_ref idref="oc-65"/>
      </symbol>
      <symbol id="sm-349">
         <name>__aeabi_memcpy8</name>
         <value>0xafed</value>
         <object_component_ref idref="oc-65"/>
      </symbol>
      <symbol id="sm-34a">
         <name>__aeabi_memcpy4</name>
         <value>0xafed</value>
         <object_component_ref idref="oc-65"/>
      </symbol>
      <symbol id="sm-352">
         <name>main_func_sp</name>
         <value>0x20000cb8</value>
         <object_component_ref idref="oc-61"/>
      </symbol>
      <symbol id="sm-35d">
         <name>__aeabi_ui2d</name>
         <value>0xbe99</value>
         <object_component_ref idref="oc-2b7"/>
      </symbol>
      <symbol id="sm-376">
         <name>_nop</name>
         <value>0xbfcb</value>
         <object_component_ref idref="oc-22d"/>
      </symbol>
      <symbol id="sm-377">
         <name>_lock</name>
         <value>0x20000ca8</value>
         <object_component_ref idref="oc-db"/>
      </symbol>
      <symbol id="sm-378">
         <name>_unlock</name>
         <value>0x20000cac</value>
         <object_component_ref idref="oc-db"/>
      </symbol>
      <symbol id="sm-379">
         <name>_register_lock</name>
         <value>0xbfc3</value>
         <object_component_ref idref="oc-22d"/>
      </symbol>
      <symbol id="sm-37a">
         <name>_register_unlock</name>
         <value>0xbfbd</value>
         <object_component_ref idref="oc-22d"/>
      </symbol>
      <symbol id="sm-38e">
         <name>_args_main</name>
         <value>0xbf29</value>
         <object_component_ref idref="oc-55"/>
      </symbol>
      <symbol id="sm-3ab">
         <name>__TI_auto_init</name>
         <value>0xb11d</value>
         <object_component_ref idref="oc-50"/>
      </symbol>
      <symbol id="sm-3c4">
         <name>copy_in</name>
         <value>0xbae1</value>
         <object_component_ref idref="oc-cc"/>
      </symbol>
      <symbol id="sm-3ec">
         <name>uDMAEnable</name>
         <value>0xc05d</value>
         <object_component_ref idref="oc-158"/>
      </symbol>
      <symbol id="sm-3ed">
         <name>uDMAControlBaseSet</name>
         <value>0xc0bd</value>
         <object_component_ref idref="oc-152"/>
      </symbol>
      <symbol id="sm-428">
         <name>TimerLoadSet</name>
         <value>0xc019</value>
         <object_component_ref idref="oc-1ac"/>
      </symbol>
      <symbol id="sm-429">
         <name>TimerEnable</name>
         <value>0xc089</value>
         <object_component_ref idref="oc-1be"/>
      </symbol>
      <symbol id="sm-42a">
         <name>TimerIntDisable</name>
         <value>0xc0dd</value>
         <object_component_ref idref="oc-96"/>
      </symbol>
      <symbol id="sm-42b">
         <name>TimerIntEnable</name>
         <value>0xc0ff</value>
         <object_component_ref idref="oc-9c"/>
      </symbol>
      <symbol id="sm-42c">
         <name>TimerConfigure</name>
         <value>0xb709</value>
         <object_component_ref idref="oc-1a6"/>
      </symbol>
      <symbol id="sm-42d">
         <name>TimerIntClear</name>
         <value>0xc143</value>
         <object_component_ref idref="oc-b9"/>
      </symbol>
      <symbol id="sm-488">
         <name>SysCtlClockSet</name>
         <value>0xa941</value>
         <object_component_ref idref="oc-146"/>
      </symbol>
      <symbol id="sm-489">
         <name>SysCtlDelay</name>
         <value>0xc125</value>
         <object_component_ref idref="oc-8f"/>
      </symbol>
      <symbol id="sm-48a">
         <name>SysCtlPeripheralEnable</name>
         <value>0xbc59</value>
         <object_component_ref idref="oc-14c"/>
      </symbol>
      <symbol id="sm-48b">
         <name>SysCtlClockGet</name>
         <value>0xa739</value>
         <object_component_ref idref="oc-170"/>
      </symbol>
      <symbol id="sm-4b9">
         <name>IntEnable</name>
         <value>0xb5ed</value>
         <object_component_ref idref="oc-1b2"/>
      </symbol>
      <symbol id="sm-4ba">
         <name>IntMasterEnable</name>
         <value>0xc0d3</value>
         <object_component_ref idref="oc-1b8"/>
      </symbol>
      <symbol id="sm-505">
         <name>I2CMasterDataPut</name>
         <value>0xc13f</value>
         <object_component_ref idref="oc-250"/>
      </symbol>
      <symbol id="sm-506">
         <name>I2CMasterInitExpClk</name>
         <value>0xb8f5</value>
         <object_component_ref idref="oc-176"/>
      </symbol>
      <symbol id="sm-507">
         <name>I2CMasterSlaveAddrSet</name>
         <value>0xc0f7</value>
         <object_component_ref idref="oc-24a"/>
      </symbol>
      <symbol id="sm-508">
         <name>I2CMasterDataGet</name>
         <value>0xc13b</value>
         <object_component_ref idref="oc-3d1"/>
      </symbol>
      <symbol id="sm-509">
         <name>I2CMasterErr</name>
         <value>0xbf41</value>
         <object_component_ref idref="oc-3dc"/>
      </symbol>
      <symbol id="sm-50a">
         <name>I2CMasterControl</name>
         <value>0xc137</value>
         <object_component_ref idref="oc-256"/>
      </symbol>
      <symbol id="sm-50b">
         <name>I2CMasterBusy</name>
         <value>0xc0ef</value>
         <object_component_ref idref="oc-3cb"/>
      </symbol>
      <symbol id="sm-50c">
         <name>I2CMasterEnable</name>
         <value>0xc0c9</value>
         <object_component_ref idref="oc-2a6"/>
      </symbol>
      <symbol id="sm-58c">
         <name>GPIOPinConfigure</name>
         <value>0xb8ad</value>
         <object_component_ref idref="oc-16a"/>
      </symbol>
      <symbol id="sm-58d">
         <name>GPIOPinTypeI2CSCL</name>
         <value>0xbff5</value>
         <object_component_ref idref="oc-15e"/>
      </symbol>
      <symbol id="sm-58e">
         <name>GPIOIntDisable</name>
         <value>0xc06d</value>
         <object_component_ref idref="oc-89"/>
      </symbol>
      <symbol id="sm-58f">
         <name>GPIOIntEnable</name>
         <value>0xc0b1</value>
         <object_component_ref idref="oc-a8"/>
      </symbol>
      <symbol id="sm-590">
         <name>GPIOPinTypeI2C</name>
         <value>0xbfe3</value>
         <object_component_ref idref="oc-164"/>
      </symbol>
      <symbol id="sm-591">
         <name>GPIOIntTypeSet</name>
         <value>0xb765</value>
         <object_component_ref idref="oc-1a0"/>
      </symbol>
      <symbol id="sm-592">
         <name>GPIOPinTypeGPIOInput</name>
         <value>0xbfd1</value>
         <object_component_ref idref="oc-19a"/>
      </symbol>
      <symbol id="sm-593">
         <name>GPIOIntClear</name>
         <value>0xc107</value>
         <object_component_ref idref="oc-a2"/>
      </symbol>
      <symbol id="sm-594">
         <name>GPIOPinTypeGPIOOutput</name>
         <value>0xbf11</value>
         <object_component_ref idref="oc-17c"/>
      </symbol>
      <symbol id="sm-595">
         <name>GPIOPinRead</name>
         <value>0xc10d</value>
         <object_component_ref idref="oc-90"/>
      </symbol>
      <symbol id="sm-596">
         <name>GPIODirModeSet</name>
         <value>0xbcf3</value>
         <object_component_ref idref="oc-290"/>
      </symbol>
      <symbol id="sm-597">
         <name>GPIOPinWrite</name>
         <value>0xc113</value>
         <object_component_ref idref="oc-182"/>
      </symbol>
      <symbol id="sm-598">
         <name>GPIOPadConfigSet</name>
         <value>0xa3d1</value>
         <object_component_ref idref="oc-296"/>
      </symbol>
      <symbol id="sm-5ae">
         <name>FPULazyStackingEnable</name>
         <value>0xc04d</value>
         <object_component_ref idref="oc-140"/>
      </symbol>
      <symbol id="sm-5af">
         <name>FPUEnable</name>
         <value>0xc03d</value>
         <object_component_ref idref="oc-13a"/>
      </symbol>
      <symbol id="sm-5ba">
         <name>CPUcpsie</name>
         <value>0xc0a5</value>
         <object_component_ref idref="oc-2f9"/>
      </symbol>
      <symbol id="sm-5db">
         <name>g_sFontCmss30b</name>
         <value>0x8ea8</value>
         <object_component_ref idref="oc-21c"/>
      </symbol>
      <symbol id="sm-5ed">
         <name>g_sFontCmss22b</name>
         <value>0x8de0</value>
         <object_component_ref idref="oc-4b8"/>
      </symbol>
      <symbol id="sm-5ff">
         <name>g_sFontCm30b</name>
         <value>0x8d18</value>
         <object_component_ref idref="oc-215"/>
      </symbol>
      <symbol id="sm-611">
         <name>g_sFontCm20</name>
         <value>0x8c50</value>
         <object_component_ref idref="oc-493"/>
      </symbol>
      <symbol id="sm-6ee">
         <name>g_sRoot</name>
         <value>0x20000c78</value>
         <object_component_ref idref="oc-21f"/>
      </symbol>
      <symbol id="sm-6ef">
         <name>WidgetMessageQueueAdd</name>
         <value>0xaa31</value>
         <object_component_ref idref="oc-200"/>
      </symbol>
      <symbol id="sm-6f0">
         <name>WidgetMessageSendPostOrder</name>
         <value>0xaf3d</value>
         <object_component_ref idref="oc-365"/>
      </symbol>
      <symbol id="sm-6f1">
         <name>WidgetAdd</name>
         <value>0xbe11</value>
         <object_component_ref idref="oc-1fa"/>
      </symbol>
      <symbol id="sm-6f2">
         <name>WidgetDefaultMsgProc</name>
         <value>0xc147</value>
         <object_component_ref idref="oc-3ab"/>
      </symbol>
      <symbol id="sm-6f3">
         <name>WidgetMutexPut</name>
         <value>0xc12b</value>
         <object_component_ref idref="oc-350"/>
      </symbol>
      <symbol id="sm-6f4">
         <name>WidgetMessageQueueProcess</name>
         <value>0xb525</value>
         <object_component_ref idref="oc-206"/>
      </symbol>
      <symbol id="sm-6f5">
         <name>WidgetMutexGet</name>
         <value>0xbf95</value>
         <object_component_ref idref="oc-34f"/>
      </symbol>
      <symbol id="sm-6f6">
         <name>WidgetPointerMessage</name>
         <value>0xbef5</value>
         <object_component_ref idref="oc-121"/>
      </symbol>
      <symbol id="sm-6f7">
         <name>WidgetMessageSendPreOrder</name>
         <value>0xb7bb</value>
         <object_component_ref idref="oc-35f"/>
      </symbol>
      <symbol id="sm-82a">
         <name>GrFontInfoGet</name>
         <value>0xbdc5</value>
         <object_component_ref idref="oc-32b"/>
      </symbol>
      <symbol id="sm-82b">
         <name>GrDefaultStringRenderer</name>
         <value>0xacfd</value>
         <object_component_ref idref="oc-301"/>
      </symbol>
      <symbol id="sm-82c">
         <name>GrFontGlyphRender</name>
         <value>0x9aff</value>
         <object_component_ref idref="oc-420"/>
      </symbol>
      <symbol id="sm-82d">
         <name>GrFontHeightGet</name>
         <value>0xbd47</value>
         <object_component_ref idref="oc-4d4"/>
      </symbol>
      <symbol id="sm-82e">
         <name>GrContextFontSet</name>
         <value>0xc119</value>
         <object_component_ref idref="oc-1d0"/>
      </symbol>
      <symbol id="sm-82f">
         <name>GrFontGlyphDataGet</name>
         <value>0xbe35</value>
         <object_component_ref idref="oc-325"/>
      </symbol>
      <symbol id="sm-830">
         <name>GrStringDraw</name>
         <value>0xc007</value>
         <object_component_ref idref="oc-1e2"/>
      </symbol>
      <symbol id="sm-831">
         <name>GrFontCodepageGet</name>
         <value>0xbeb9</value>
         <object_component_ref idref="oc-439"/>
      </symbol>
      <symbol id="sm-832">
         <name>GrStringNextCharGet</name>
         <value>0xbd71</value>
         <object_component_ref idref="oc-31f"/>
      </symbol>
      <symbol id="sm-833">
         <name>GrStringWidthGet</name>
         <value>0xb385</value>
         <object_component_ref idref="oc-1d6"/>
      </symbol>
      <symbol id="sm-834">
         <name>GrFontBaselineGet</name>
         <value>0xbd1d</value>
         <object_component_ref idref="oc-1dc"/>
      </symbol>
      <symbol id="sm-850">
         <name>GrRectFill</name>
         <value>0xb1b1</value>
         <object_component_ref idref="oc-30f"/>
      </symbol>
      <symbol id="sm-851">
         <name>GrRectDraw</name>
         <value>0xb459</value>
         <object_component_ref idref="oc-1ee"/>
      </symbol>
      <symbol id="sm-889">
         <name>RectangularButtonMsgProc</name>
         <value>0xbe57</value>
         <object_component_ref idref="oc-4b2"/>
      </symbol>
      <symbol id="sm-8a2">
         <name>GrLineDrawH</name>
         <value>0xb985</value>
         <object_component_ref idref="oc-33c"/>
      </symbol>
      <symbol id="sm-8a3">
         <name>GrLineDrawV</name>
         <value>0xb9cb</value>
         <object_component_ref idref="oc-342"/>
      </symbol>
      <symbol id="sm-991">
         <name>GrImageDraw</name>
         <value>0xc07b</value>
         <object_component_ref idref="oc-1e8"/>
      </symbol>
      <symbol id="sm-9c0">
         <name>GrContextInit</name>
         <value>0xb4c1</value>
         <object_component_ref idref="oc-1c4"/>
      </symbol>
      <symbol id="sm-9c1">
         <name>GrContextClipRegionSet</name>
         <value>0xb589</value>
         <object_component_ref idref="oc-4ce"/>
      </symbol>
      <symbol id="sm-9c2">
         <name>g_psDefaultCodePointMapTable</name>
         <value>0x9120</value>
         <object_component_ref idref="oc-307"/>
      </symbol>
      <symbol id="sm-9d0">
         <name>GrMapISO8859_1_Unicode</name>
         <value>0xc0e7</value>
         <object_component_ref idref="oc-427"/>
      </symbol>
      <symbol id="sm-9f6">
         <name>CanvasMsgProc</name>
         <value>0xbf6d</value>
         <object_component_ref idref="oc-3bb"/>
      </symbol>
      <symbol id="sm-9f7">
         <name>__TI_static_base__</name>
         <value>0x0</value>
      </symbol>
      <symbol id="sm-9f8">
         <name>__TI_args_main</name>
         <value>0x1</value>
      </symbol>
      <symbol id="sm-9f9">
         <name>SHT$$INIT_ARRAY$$Limit</name>
         <value>0x0</value>
      </symbol>
      <symbol id="sm-9fa">
         <name>SHT$$INIT_ARRAY$$Base</name>
         <value>0x0</value>
      </symbol>
      <symbol id="sm-9fe">
         <name>LCDBPV2_backlight_init</name>
         <value>0xa851</value>
      </symbol>
   </symbol_table>
   <title>Link successful</title>
</link_info>
